---
http_interactions:
- request:
    method: post
    uri: http://ws.detectlanguage.com/0.2/detect
    body:
      encoding: US-ASCII
      string: q=Fixed+note+title+Fixed+note+content+used+to+prevent+multiple+calls+to+VCR.&key=<DETECT_LANGUAGE_KEY>
    headers:
      Accept-Encoding:
      - gzip;q=1.0,deflate;q=0.6,identity;q=0.3
      Accept:
      - "*/*"
      User-Agent:
      - Detect Language API ruby gem
      - Ruby
      Content-Type:
      - application/x-www-form-urlencoded
  response:
    status:
      code: 200
      message: OK
    headers:
      Server:
      - nginx/0.7.65
      Date:
      - Wed, 11 Dec 2013 13:02:46 GMT
      Content-Type:
      - application/json
      Connection:
      - keep-alive
      Content-Length:
      - '80'
    body:
      encoding: UTF-8
      string: '{"data":{"detections":[{"language":"en","isReliable":true,"confidence":12.59}]}}'
    http_version: 
  recorded_at: Wed, 11 Dec 2013 13:02:46 GMT
- request:
    method: get
    uri: https://api.twitter.com/1.1/users/show.json?user_id=237443494
    body:
      encoding: US-ASCII
      string: ''
    headers:
      Accept:
      - application/json
      User-Agent:
      - Twitter Ruby Gem 5.1.1
      Authorization:
      - OAuth oauth_consumer_key="LcP5KZsVECxlI7Z7aWz86g", oauth_nonce="f2d2a00e2ca4f347e86682c3d24c5006",
        oauth_signature="mAETmcYhLEkgZpPRTMQOiWf0uDI%3D", oauth_signature_method="HMAC-SHA1",
        oauth_timestamp="1386767015", oauth_token="237443494-Up97qun1nvHfxO79kWlGbt6lvQIFY71vWgMjyTR4",
        oauth_version="1.0"
      Accept-Encoding:
      - gzip;q=1.0,deflate;q=0.6,identity;q=0.3
  response:
    status:
      code: 200
      message: OK
    headers:
      Cache-Control:
      - no-cache, no-store, must-revalidate, pre-check=0, post-check=0
      Content-Length:
      - '713'
      Content-Type:
      - application/json;charset=utf-8
      Date:
      - Wed, 11 Dec 2013 13:03:36 GMT
      Expires:
      - Tue, 31 Mar 1981 05:00:00 GMT
      Last-Modified:
      - Wed, 11 Dec 2013 13:03:36 GMT
      Pragma:
      - no-cache
      Server:
      - tfe
      Set-Cookie:
      - guest_id=v1%3A138676701652218239; Domain=.twitter.com; Path=/; Expires=Fri,
        11-Dec-2015 13:03:36 UTC
      - lang=en
      Status:
      - 200 OK
      Strict-Transport-Security:
      - max-age=631138519
      X-Access-Level:
      - read-write
      X-Frame-Options:
      - SAMEORIGIN
      X-Rate-Limit-Limit:
      - '180'
      X-Rate-Limit-Remaining:
      - '179'
      X-Rate-Limit-Reset:
      - '1386767916'
      X-Tfe-Logging-1-Request-Category:
      - API
      X-Tfe-Logging-2-Request-Category:
      - API
      X-Transaction:
      - 10a7578173403d83
      X-Xss-Protection:
      - 1; mode=block
    body:
      encoding: UTF-8
      string: '{"id":237443494,"id_str":"237443494","name":"Catholicon 140","screen_name":"catholicon140","location":"","description":"","url":null,"entities":{"description":{"urls":[]}},"protected":false,"followers_count":0,"friends_count":4,"listed_count":0,"created_at":"Wed
        Jan 12 21:22:18 +0000 2011","favourites_count":0,"utc_offset":null,"time_zone":null,"geo_enabled":false,"verified":false,"statuses_count":1521,"lang":"en","status":{"created_at":"Wed
        Oct 02 20:16:44 +0000 2013","id":385498607270772736,"id_str":"385498607270772736","text":"4","source":"\u003ca
        href=\"http:\/\/nembrot.org\" rel=\"nofollow\"\u003ecatholicon140\u003c\/a\u003e","truncated":false,"in_reply_to_status_id":null,"in_reply_to_status_id_str":null,"in_reply_to_user_id":null,"in_reply_to_user_id_str":null,"in_reply_to_screen_name":null,"geo":null,"coordinates":null,"place":null,"contributors":null,"retweet_count":0,"favorite_count":0,"entities":{"hashtags":[],"symbols":[],"urls":[],"user_mentions":[]},"favorited":false,"retweeted":false,"lang":"und"},"contributors_enabled":false,"is_translator":false,"profile_background_color":"C0DEED","profile_background_image_url":"http:\/\/abs.twimg.com\/images\/themes\/theme1\/bg.png","profile_background_image_url_https":"https:\/\/abs.twimg.com\/images\/themes\/theme1\/bg.png","profile_background_tile":false,"profile_image_url":"http:\/\/abs.twimg.com\/sticky\/default_profile_images\/default_profile_1_normal.png","profile_image_url_https":"https:\/\/abs.twimg.com\/sticky\/default_profile_images\/default_profile_1_normal.png","profile_link_color":"0084B4","profile_sidebar_border_color":"C0DEED","profile_sidebar_fill_color":"DDEEF6","profile_text_color":"333333","profile_use_background_image":true,"default_profile":true,"default_profile_image":true,"following":false,"follow_request_sent":false,"notifications":false}'
    http_version: 
  recorded_at: Sun, 08 Dec 2013 17:28:06 GMT
- request:
    method: post
    uri: http://ws.detectlanguage.com/0.2/detect
    body:
      encoding: US-ASCII
      string: q=Fixed+note+title+&key=<DETECT_LANGUAGE_KEY>
    headers:
      Accept-Encoding:
      - gzip;q=1.0,deflate;q=0.6,identity;q=0.3
      Accept:
      - "*/*"
      User-Agent:
      - Detect Language API ruby gem
      - Ruby
      Content-Type:
      - application/x-www-form-urlencoded
  response:
    status:
      code: 200
      message: OK
    headers:
      Server:
      - nginx/0.7.65
      Date:
      - Thu, 02 Jan 2014 13:26:08 GMT
      Content-Type:
      - application/json
      Connection:
      - keep-alive
      Content-Length:
      - '80'
    body:
      encoding: UTF-8
      string: '{"data":{"detections":[{"language":"en","isReliable":true,"confidence":12.04}]}}'
    http_version: 
  recorded_at: Thu, 02 Jan 2014 13:25:41 GMT
- request:
    method: post
    uri: http://ws.detectlanguage.com/0.2/detect
    body:
      encoding: US-ASCII
      string: q=Fixed+note+title+Citation+text&key=<DETECT_LANGUAGE_KEY>
    headers:
      Accept-Encoding:
      - gzip;q=1.0,deflate;q=0.6,identity;q=0.3
      Accept:
      - "*/*"
      User-Agent:
      - Detect Language API ruby gem
      - Ruby
      Content-Type:
      - application/x-www-form-urlencoded
  response:
    status:
      code: 200
      message: OK
    headers:
      Content-Type:
      - application/json
      Content-Length:
      - '80'
      Date:
      - Fri, 03 Apr 2015 12:36:49 GMT
    body:
      encoding: UTF-8
      string: '{"data":{"detections":[{"language":"en","isReliable":true,"confidence":13.87}]}}'
    http_version: 
  recorded_at: Fri, 03 Apr 2015 12:36:49 GMT
recorded_with: VCR 2.9.3
